[[w, c], [c, e], [e, k]]
[[j, s], [s, r], [r, k]]
[[v, u], [u, a], [a, p], [p, d]]
