zzzzzzzzzzzzzzzzzzzzzzzzzz
yyyyyyyyyyyyyyyyyyyyyyyyyy
xxxxxxxxxxxxxxxxxxxxxxxxxx
wwwwwwwwwwwwwwwwwwwwwwwwww
vvvvvvvvvvvvvvvvvvvvvvvvvv
uuuuuuuuuuuuuuuuuuuuuuuuuu
tttttttttttttttttttttttttt
ssssssssssssssssssssssssss
rrrrrrrrrrrrrrrrrrrrrrrrrr
qqqqqqqqqqqqqqqqqqqqqqqqqq
pppppppppppppppppppppppppp
oooooooooooooooooooooooooo
nnnnnnnnnnnnnnnnnnnnnnnnnn
mmmmmmmmmmmmmmmmmmmmmmmmmm
llllllllllllllllllllllllll
kkkkkkkkkkkkkkkkkkkkkkkkkk
jjjjjjjjjjjjjjjjjjjjjjjjjj
iiiiiiiiiiiiiiiiiiiiiiiiii
hhhhhhhhhhhhhhhhhhhhhhhhhh
gggggggggggggggggggggggggg
ffffffffffffffffffffffffff
eeeeeeeeeeeeeeeeeeeeeeeeee
dddddddddddddddddddddddddd
cccccccccccccccccccccccccc
bbbbbbbbbbbbbbbbbbbbbbbbbb
aaaaaaaaaaaaaaaaaaaaaaaaaa
