[[e, a], [a, x], [x, k], [k, s], [s, m], [m, h], [h, j]]
[[i, u], [u, f], [f, w], [w, j], [j, z], [z, o], [o, a]]
[[q, v], [v, m], [m, s], [s, k], [k, p], [p, r], [r, e], [e, a]]
