Alexander
Binette
Birch
Bob
Branda
Brianne
Candida
Cherry
Czajkowski
Dagmar
Deana
Edwin
Elicia
Genevie
Grisby
Harshberger
Herb
Holley
Huisman
Janise
Jeanene
Jeannine
Jeffie
Jiles
Kopacz
Labelle
Lavina
Lida
Lorine
Maragaret
Maurice
Mclellan
Mulligan
Nick
Ochs
Patch
Piazza
Rego
Rocco
Roderick
Royall
Santoyo
Seely
Sennett
Shannon
Shirlene
Stefan
Tandy
Weathers
Wicks
