Ser Lancelot of Camelot
I seek the grail
Blue
Ser Robin of Camelot
I seek the grail
I don't know that!
AAAHHHHHHHHH
Ser Galahad of Camelot
I seek the grail
Blue
AAAHHHHHHHHH
Arthur, King of the Britons
I seek the grail
African or European?
I don't know that!
AAAHHHHHHHHH
I don't know that!
AAAHHHHHHHHH
African or European?
