Ser Bedemir of Camelot
I seek the grail
Nineveh
Ser Robin of Camelot
Yellow
Nineveh
Ser Galahad of Camelot
Nineveh
Yellow
Arthur, King of the Britons
African or European?
