Arthur, King of the Britons.
I seek the grail.
Gold.
Sir Bedevere of Camelot.
I seek the grail.
Blue.
Sir Robin of Camelot.
I seek the grail.
Yellow.
Sir Galahad of Camelot.
I seek the grail.
Yellow.
Sir Lancelot of Camelot.
I seek the grail.
Blue.
