Carry on.
Three, Sir!
Three, Sir!
Three, Sir!
Carry on.
Carry on.
Carry on.
Three, Sir!
Carry on.
Carry on.
Three, Sir!
Three, Sir!
Three, Sir!
Carry on.
Three, Sir!
Carry on.
Carry on.
Carry on.
Three, Sir!
Carry on.
Carry on.
Three, Sir!
Carry on.
Carry on.
Three, Sir!
Three, Sir!
Carry on.
Three, Sir!
Carry on.
Three, Sir!
Three, Sir!
Three, Sir!
