Three, Sir!
Carry on.
Three, Sir!
Carry on.
Three, Sir!
Carry on.
Three, Sir!
Carry on.
