African
European
Coconut
European
African
Coconut
